// Jest Snapshot v1, https://goo.gl/fbAQLP

exports[`Bio2e unavailable matches snapshot 1`] = `
<div>
  <p
    className="book-covers"
  >
    <span
      className="book bio"
    />
    <i
      className="tutor-icon fa fa-arrow-right"
      role="presentation"
      type="arrow-right"
    />
    <span
      className="book bio2e"
    />
  </p>
  <p>
    OpenStax Tutor Beta will use the new revision of our Biology textbook, including new assessments, for Fall 2018!
  </p>
  <div
    className="alert alert-warning"
    role="alert"
  >
    <i
      className="tutor-icon fa fa-hand-paper-o"
      role="presentation"
      type="hand-paper-o"
    />
    <p>
      It is not possible to copy courses based on the first edition of Biology.
    </p>
  </div>
  <p>
    You can create a new Biology 2e course in OpenStax Tutor Beta starting July 20. Until then, view the 
    <a
      className="external-icon"
      externalStyle={true}
      href="https://openstax.org/details/books/biology-2e"
      tabIndex={0}
      target="_blank"
    >
      Biology 2e textbook
    </a>
    .
  </p>
  <p>
    Questions? Contact 
    <a
      href="mailto:support@openstax.org"
    >
      support@openstax.org
    </a>
    .
  </p>
</div>
`;
