// Jest Snapshot v1, https://goo.gl/fbAQLP

exports[`CreateCourse: Selecting course subject matches snapshot 1`] = `
<div
  className="choices-listing list-group"
>
  <div
    aria-pressed={false}
    className="list-group-item choice"
    data-appearance="college_biology"
    onClick={[Function]}
    role="button"
  >
    Biology
  </div>
  <div
    aria-pressed={false}
    className="list-group-item choice"
    data-appearance="college_physics"
    onClick={[Function]}
    role="button"
  >
    College Physics
  </div>
  <div
    aria-pressed={false}
    className="list-group-item choice"
    data-appearance="intro_sociology"
    onClick={[Function]}
    role="button"
  >
    Introduction to Sociology 2e
  </div>
  <div
    aria-pressed={false}
    className="list-group-item choice"
    data-appearance="ap_biology"
    onClick={[Function]}
    role="button"
  >
    Biology for APÂ® Courses
  </div>
</div>
`;
