// Jest Snapshot v1, https://goo.gl/fbAQLP

exports[`_default renders and matches snapshot 1`] = `
<a
  className="browse-the-book btn btn-default"
  href="/book/1/section/1.2"
  onClick={[Function]}
  target="_blank"
>
  Browse the Book
</a>
`;
