// Jest Snapshot v1, https://goo.gl/fbAQLP

exports[`Book tags component renders tags 1`] = `
<div
  className="tag-type has-single-tag"
>
  <div
    className="heading"
  >
    <span
      className="label"
    >
      Book
    </span>
    <div
      className="controls"
    >
      <i
        className="fa fa-plus-circle"
        onClick={[Function]}
      />
    </div>
  </div>
  <div
    className="tag"
  >
    <select
      className="form-control"
      onChange={[Function]}
      value="stax-phys"
    >
      <option
        value="stax-soc"
      >
        Sociology
      </option>
      <option
        value="stax-phys"
      >
        College Physics
      </option>
      <option
        value="stax-k12phys"
      >
        Physics
      </option>
      <option
        value="stax-bio"
      >
        Biology
      </option>
      <option
        value="stax-apbio"
      >
        Biology for APÂ® Courses
      </option>
      <option
        value="stax-cbio"
      >
        Concepts of Biology
      </option>
      <option
        value="stax-econ"
      >
        Economics
      </option>
      <option
        value="stax-anp"
      >
        Anatomy and Physiology
      </option>
      <option
        value="stax-macro"
      >
        Macro Economics
      </option>
      <option
        value="stax-micro"
      >
        Micro Economics
      </option>
    </select>
    <span
      className="controls"
    >
      <i
        className="fa fa-trash"
        onClick={[Function]}
      />
    </span>
  </div>
</div>
`;
