// Jest Snapshot v1, https://goo.gl/fbAQLP

exports[`QA Exercises Card matches snapshot 1`] = `
<div
  className="openstax-exercise-preview exercise is-displaying-formats is-displaying-feedback panel panel-default"
  data-exercise-id="1617"
  id={undefined}
  tabIndex={-1}
>
  <div
    className="panel-heading"
  >
    <div
      className="types panel-title"
    />
  </div>
  <div
    className="panel-body"
  >
    <div
      className="exercise-body"
    >
      <div
        className="openstax-has-html stimulus"
        dangerouslySetInnerHTML={undefined}
      />
      <div
        className="openstax-question openstax-question-preview"
        data-question-number={undefined}
      >
        <div
          className="openstax-has-html question-stem"
          dangerouslySetInnerHTML={
            Object {
              "__html": "What conditions imply that we can use classical physics without considering special relativity or quantum mechanics?",
            }
          }
          data-question-number={undefined}
        />
        <div
          className="answers-table"
        >
          <div
            className="openstax-answer"
          >
            <div
              className="answers-answer disabled answer-correct"
            >
              <label
                className="answer-label"
                htmlFor="1664-option-0"
                onKeyPress={[Function]}
              >
                <div
                  aria-label="Choice a:"
                  className="answer-letter"
                >
                  a
                </div>
                <div
                  className="answer-answer"
                >
                  <span
                    className="openstax-has-html answer-content"
                    dangerouslySetInnerHTML={
                      Object {
                        "__html": "<ol>
                        <li>matter is moving at speeds of less than roughly 1% the speed of light,</li>
                        <li>objects are large enough to be seen with the naked eye, and</li>
                        <li>there is the involvement of a weak gravitational field</li>
                      </ol>
                      ",
                      }
                    }
                  />
                  <div
                    aria-label="Answer Feedback"
                    className="openstax-has-html question-feedback-content has-html"
                    dangerouslySetInnerHTML={
                      Object {
                        "__html": "Classical physics involves weak gravitational fields and objects big enough to be seen with the naked eye with their motional speed much less than the speed of light. Also, it is a subset of the Einsteinâ€™s theory of relativity where not only weak gravitational field but also strong gravity influences are studied.",
                      }
                    }
                  />
                </div>
              </label>
            </div>
          </div>
          <div
            className="openstax-answer"
          >
            <div
              className="answers-answer disabled"
            >
              <label
                className="answer-label"
                htmlFor="1664-option-1"
                onKeyPress={[Function]}
              >
                <div
                  aria-label="Choice b:"
                  className="answer-letter"
                >
                  b
                </div>
                <div
                  className="answer-answer"
                >
                  <span
                    className="openstax-has-html answer-content"
                    dangerouslySetInnerHTML={
                      Object {
                        "__html": "<ol>
                        <li>matter is moving at speeds of less than roughly 1% the speed of light,</li>
                        <li>objects are too small to be seen with the naked eye, and</li>
                        <li>there is the involvement of only a weak gravitational field</li>
                      </ol>
                      ",
                      }
                    }
                  />
                  <div
                    aria-label="Answer Feedback"
                    className="openstax-has-html question-feedback-content has-html"
                    dangerouslySetInnerHTML={
                      Object {
                        "__html": "Objects far smaller than what is visible may require quantum mechanics.",
                      }
                    }
                  />
                </div>
              </label>
            </div>
          </div>
          <div
            className="openstax-answer"
          >
            <div
              className="answers-answer disabled"
            >
              <label
                className="answer-label"
                htmlFor="1664-option-2"
                onKeyPress={[Function]}
              >
                <div
                  aria-label="Choice c:"
                  className="answer-letter"
                >
                  c
                </div>
                <div
                  className="answer-answer"
                >
                  <span
                    className="openstax-has-html answer-content"
                    dangerouslySetInnerHTML={
                      Object {
                        "__html": "<ol>
                        <li>matter is moving at speeds greater than roughly 1% the speed of light,</li>
                        <li>objects are large enough to be seen with the naked eye, and</li>
                        <li>there is the involvement of a strong gravitational field</li>
                      </ol>
                      ",
                      }
                    }
                  />
                  <div
                    aria-label="Answer Feedback"
                    className="openstax-has-html question-feedback-content has-html"
                    dangerouslySetInnerHTML={
                      Object {
                        "__html": "Speeds greater than roughly 1% pf the speed of light start to involve significant effects from relativity.",
                      }
                    }
                  />
                </div>
              </label>
            </div>
          </div>
          <div
            className="openstax-answer"
          >
            <div
              className="answers-answer disabled"
            >
              <label
                className="answer-label"
                htmlFor="1664-option-3"
                onKeyPress={[Function]}
              >
                <div
                  aria-label="Choice d:"
                  className="answer-letter"
                >
                  d
                </div>
                <div
                  className="answer-answer"
                >
                  <span
                    className="openstax-has-html answer-content"
                    dangerouslySetInnerHTML={
                      Object {
                        "__html": "<ol>
                        <li>matter is moving at speeds of less than roughly 1% the speed of light,</li>
                        <li>objects are large enough to be seen with the naked eye, and</li>
                        <li>there is the involvement of a strong gravitational field</li>
                      </ol>
                      ",
                      }
                    }
                  />
                  <div
                    aria-label="Answer Feedback"
                    className="openstax-has-html question-feedback-content has-html"
                    dangerouslySetInnerHTML={
                      Object {
                        "__html": "A high gravitational field distorts space-time and leads to phenomena that classical physics fails to explain.",
                      }
                    }
                  />
                </div>
              </label>
            </div>
          </div>
        </div>
        <div
          className="formats-listing"
        >
          <div
            className="header"
          >
            Formats:
          </div>
          <span>
            free-response
          </span>
          <span>
            multiple-choice
          </span>
        </div>
      </div>
    </div>
    <div
      className="exercise-tags"
    >
      <span
        className="exercise-tag"
      >
        (2A) Know the definition of science and understand that it has limitations, as specified in subsection (b)(2) of this section.
      </span>
      <span
        className="exercise-tag"
      >
        Blooms: 1
      </span>
      <span
        className="exercise-tag"
      >
        DOK: 2
      </span>
      <span
        className="exercise-tag"
      >
        Length: M
      </span>
      <span
        className="exercise-tag"
      >
        ID: 1664@1
      </span>
      <div
        className="lo-tag"
      >
        LO: 
        Describe and distinguish classical physics from modern physics and describe the importance of relativity, quantum mechanics, and relativistic quantum mechanics in modern physics
      </div>
    </div>
  </div>
  <div
    className="panel-footer"
  >
    <div
      className="controls"
    >
      <a
        className="edit-link"
        href="https://exercises-dev.openstax.org/exercises/1664@draft"
        target="_blank"
      >
        edit
      </a>
    </div>
  </div>
</div>
`;
