// Jest Snapshot v1, https://goo.gl/fbAQLP

exports[`QA Screen renders as loading then matches snapshot 1`] = `"<div class=\\"loading-screen-animation\\"><div class=\\"ox-loader\\"><div class=\\"ox-overlay\\"></div><div class=\\"ox-loader--inner\\"><svg version=\\"1.1\\" id=\\"Layer_1\\" xmlns=\\"http://www.w3.org/2000/svg\\" x=\\"0px\\" y=\\"0px\\" viewBox=\\"0 -25 57.6 66\\" enable-background=\\"new 0 -25 57.6 66\\"><path id=\\"ox-blue\\" class=\\"ox-blue\\" fill=\\"#00246A\\" d=\\"M38.4,22c0,0.4-0.3,0.7-0.7,0.7H13.5c-0.4,0-0.7-0.3-0.7-0.7v-1.4c0-0.4,0.3-0.7,0.7-0.7h24.2 c0.4,0,0.7,0.3,0.7,0.7V22z\\"></path><path id=\\"ox-yellow\\" class=\\"ox-yellow\\" fill=\\"#F4D019\\" d=\\"M41.8,17.8c0,0.4-0.3,0.7-0.7,0.7l-25.4,0.8c-0.4,0-0.7-0.3-0.7-0.7l-0.1-2.1 c0-0.4,0.3-0.7,0.7-0.7L41,15c0.4,0,0.7,0.3,0.7,0.7L41.8,17.8z\\"></path><path id=\\"ox-gray\\" class=\\"ox-gray\\" fill=\\"#5E6062\\" d=\\"M34.8,14c0,0.4-0.3,0.7-0.7,0.7H11.6c-0.4,0-0.7-0.3-0.7-0.7v-3.5c0-0.4,0.3-0.7,0.7-0.7h22.5 c0.4,0,0.7,0.3,0.7,0.7V14z\\"></path><path id=\\"ox-orange\\" class=\\"ox-orange\\" fill=\\"#F47641\\" d=\\"M39,8.1c0,0.3-0.4,0.5-1,0.5H8.6c-0.5,0-1-0.2-1-0.5V6.9c0-0.3,0.4-0.5,1-0.5H38 c0.5,0,1,0.2,1,0.5V8.1z\\"></path><path id=\\"ox-green\\" class=\\"ox-green\\" fill=\\"#77AF42\\" d=\\"M43.9,5c0,0.7-0.6,1.2-1.2,1.1L15,4.8c-0.7,0-1.2-0.6-1.1-1.2L14,1.1c0-0.7,0.6-1.2,1.2-1.1 l27.7,1.3c0.7,0,1.2,0.6,1.1,1.2L43.9,5z\\"></path><path id=\\"ox-type\\" class=\\"st2\\" fill=\\"#5E6062\\" d=\\"M3.1,30.2c-1.8,0-3.1,1.3-3.1,3.1c0,1.8,1.3,3.1,3.1,3.1c1.8,0,3.1-1.3,3.1-3.1 C6.2,31.5,4.9,30.2,3.1,30.2z M3.1,35.7c-1.4,0-2.3-1.1-2.3-2.4c0-1.3,0.9-2.4,2.3-2.4c1.4,0,2.3,1.1,2.3,2.4 C5.4,34.6,4.5,35.7,3.1,35.7z M10.9,30.2c-0.9,0-1.9,0.4-2.4,1.2h0v-1H7.7v8.8h0.8v-3.9h0C9,36,10,36.4,10.9,36.4 c1.8,0,3.1-1.3,3.1-3.1C14,31.5,12.7,30.2,10.9,30.2z M10.9,35.7c-1.4,0-2.5-1.1-2.5-2.4c0-1.3,1.1-2.4,2.5-2.4 c1.4,0,2.3,1.1,2.3,2.4C13.2,34.6,12.3,35.7,10.9,35.7z M18.3,30.2c-1.7,0-2.9,1.3-2.9,3.1c0,1.8,1.2,3.1,3,3.1c1,0,2-0.4,2.6-1.3 l-0.6-0.5c-0.4,0.6-1.2,1-2,1c-1.8,0-2.2-1.6-2.2-2.2h5v-0.5C21.1,31.6,20.1,30.2,18.3,30.2z M16.1,32.8c0-0.3,0.5-1.9,2.1-1.9 c1.1,0,2,0.9,2,1.9H16.1z M27.9,32.7v3.5h-0.8v-3.5c0-1-0.3-1.9-1.5-1.9c-1.1,0-2,0.8-2,2.4v2.9h-0.8V32c0-0.4-0.1-1.4-0.1-1.7h0.8 c0,0.4,0,0.9,0.1,1h0c0.3-0.7,1.1-1.2,2-1.2C27.4,30.2,27.9,31.4,27.9,32.7z M34.2,34.4c0,1.5-1.4,2-2.6,2c-0.9,0-1.8-0.2-2.4-0.9 l1-1c0.4,0.4,0.8,0.8,1.5,0.8c0.4,0,1-0.2,1-0.7c0-1.3-3.3-0.3-3.3-2.6c0-1.4,1.2-2,2.5-2c0.8,0,1.7,0.3,2.2,0.9l-1,0.9 c-0.3-0.4-0.7-0.6-1.2-0.6c-0.4,0-0.9,0.2-0.9,0.7C30.9,32.9,34.2,32,34.2,34.4z M37.5,30.1h1.7v1.3h-1.7v2.7c0,0.6,0.2,1,0.9,1 c0.3,0,0.6-0.1,0.8-0.2v1.3c-0.3,0.2-0.9,0.2-1.2,0.2c-1.6,0-2-0.7-2-2.2v-2.8h-1.3v-1.3H36v-1.8h1.5V30.1z M43,30 c-1,0-1.9,0.3-2.6,1l0.8,0.8c0.4-0.4,1-0.6,1.6-0.6c0.8,0,1.4,0.4,1.4,1.1v0.2h-0.4c-1.5,0-3.9,0.1-3.9,2.1c0,1.2,1.1,1.8,2.2,1.8 c0.8,0,1.5-0.3,2-1h0v0.8h1.4v-3.5C45.6,31.8,45.6,30,43,30z M44.1,33.8c0,0.9-0.5,1.4-1.5,1.4c-0.5,0-1.1-0.2-1.1-0.8 c0-0.9,1.5-0.9,2.3-0.9h0.3V33.8z M50.8,32.9l2.5,3.3h-1.9L49.8,34l-1.6,2.2h-1.8l2.5-3.3l-2.1-2.8h1.9l1.2,1.8l1.3-1.8h1.7 L50.8,32.9z M57.6,30.1v1.7h-0.3v-1.5h0l-0.6,1.5h-0.2l-0.6-1.5h0v1.5h-0.3v-1.7h0.4l0.5,1.3l0.5-1.3H57.6z M53.9,30.1h1.4v0.3h-0.5 v1.5h-0.3v-1.5h-0.5V30.1z\\"></path></svg></div></div><h3>Fetching Bookâ€¦</h3></div>"`;

exports[`QA Screen renders as loading then matches snapshot 2`] = `"<div class=\\"screen qa\\"><div class=\\"book-menu\\"><ul class=\\"section\\" data-depth=\\"1\\"><li data-section=\\"1\\"><a tabindex=\\"-1\\" class=\\"\\"><span class=\\"section-number\\">1</span><!-- react-text: 19 -->Kinematics<!-- /react-text --></a></li><li data-section=\\"1.1\\"><ul class=\\"section\\" data-depth=\\"2\\"><li data-section=\\"1.1\\"><a tabindex=\\"-1\\" class=\\"\\"><span class=\\"section-number\\">1.1</span><!-- react-text: 25 -->Kinematics in 1 dim<!-- /react-text --></a></li></ul></li><li data-section=\\"1.2\\"><ul class=\\"section\\" data-depth=\\"2\\"><li data-section=\\"1.2\\"><a tabindex=\\"-1\\" class=\\"\\"><span class=\\"section-number\\">1.2</span><!-- react-text: 31 -->Kinematics in 2 dim<!-- /react-text --></a></li></ul></li><li data-section=\\"1.3\\"><ul class=\\"section\\" data-depth=\\"2\\"><li data-section=\\"1.3\\"><a tabindex=\\"-1\\" class=\\"\\"><span class=\\"section-number\\">1.3</span><!-- react-text: 37 -->Kinematics in 3 dim<!-- /react-text --></a></li></ul></li></ul><ul class=\\"section\\" data-depth=\\"1\\"><li data-section=\\"2\\"><a tabindex=\\"-1\\" class=\\"\\"><span class=\\"section-number\\">2</span><!-- react-text: 42 -->Mechanics<!-- /react-text --></a></li><li data-section=\\"2.1\\"><ul class=\\"section\\" data-depth=\\"2\\"><li data-section=\\"2.1\\"><a tabindex=\\"-1\\" class=\\"active\\"><span class=\\"section-number\\">2.1</span><!-- react-text: 48 -->Atoms, Isotopes, Ions, and Molecules: The Building Blocks<!-- /react-text --></a></li></ul></li><li data-section=\\"2.2\\"><ul class=\\"section\\" data-depth=\\"2\\"><li data-section=\\"2.2\\"><a tabindex=\\"-1\\" class=\\"\\"><span class=\\"section-number\\">2.2</span><!-- react-text: 54 -->Mechanics in 2 dim<!-- /react-text --></a></li></ul></li><li data-section=\\"2.3\\"><ul class=\\"section\\" data-depth=\\"2\\"><li data-section=\\"2.3\\"><a tabindex=\\"-1\\" class=\\"\\"><span class=\\"section-number\\">2.3</span><!-- react-text: 60 -->Mechanics in 3 dim<!-- /react-text --></a></li></ul></li></ul><ul class=\\"section\\" data-depth=\\"1\\"><li data-section=\\"3\\"><a tabindex=\\"-1\\" class=\\"\\"><span class=\\"section-number\\">3</span><!-- react-text: 65 -->Thermodynamics<!-- /react-text --></a></li><li data-section=\\"3.1\\"><ul class=\\"section\\" data-depth=\\"2\\"><li data-section=\\"3.1\\"><a tabindex=\\"-1\\" class=\\"\\"><span class=\\"section-number\\">3.1</span><!-- react-text: 71 -->Thermodynamics in 1 dim<!-- /react-text --></a></li></ul></li><li data-section=\\"3.2\\"><ul class=\\"section\\" data-depth=\\"2\\"><li data-section=\\"3.2\\"><a tabindex=\\"-1\\" class=\\"\\"><span class=\\"section-number\\">3.2</span><!-- react-text: 77 -->Thermodynamics in 2 dim<!-- /react-text --></a></li></ul></li><li data-section=\\"3.2\\"><ul class=\\"section\\" data-depth=\\"2\\"><li data-section=\\"3.2\\"><a tabindex=\\"-1\\" class=\\"\\"><span class=\\"section-number\\">3.2</span><!-- react-text: 83 -->Thermodynamics in 3 dim<!-- /react-text --></a></li></ul></li></ul></div><div class=\\"tutor-paging-navigation book-page\\"><a href=\\"#\\" target=\\"_blank\\" tabindex=\\"0\\" title=\\"Go Back\\" aria-controls=\\"paged-content\\" class=\\"paging-control prev\\"><div class=\\"arrow-wrapper\\"><svg class=\\"icon arrow left\\" version=\\"1.1\\" xmlns=\\"http://www.w3.org/2000/svg\\" x=\\"0px\\" y=\\"0px\\" viewBox=\\"0 0 370 735\\"><path d=\\"M369.225,658.604l0,76.396l-369.225,-369.225l0.3,-0.3l368.925,-365.475l0,77.168l-291.449,290.332l291.449,291.104Z\\"></path></svg></div></a><div tabindex=\\"0\\" role=\\"region\\" aria-live=\\"polite\\" id=\\"paged-content\\" class=\\"paged-content\\"><div class=\\"loading-screen-animation\\"><div class=\\"ox-loader\\"><div class=\\"ox-overlay\\"></div><div class=\\"ox-loader--inner\\"><svg version=\\"1.1\\" id=\\"Layer_1\\" xmlns=\\"http://www.w3.org/2000/svg\\" x=\\"0px\\" y=\\"0px\\" viewBox=\\"0 -25 57.6 66\\" enable-background=\\"new 0 -25 57.6 66\\"><path id=\\"ox-blue\\" class=\\"ox-blue\\" fill=\\"#00246A\\" d=\\"M38.4,22c0,0.4-0.3,0.7-0.7,0.7H13.5c-0.4,0-0.7-0.3-0.7-0.7v-1.4c0-0.4,0.3-0.7,0.7-0.7h24.2 c0.4,0,0.7,0.3,0.7,0.7V22z\\"></path><path id=\\"ox-yellow\\" class=\\"ox-yellow\\" fill=\\"#F4D019\\" d=\\"M41.8,17.8c0,0.4-0.3,0.7-0.7,0.7l-25.4,0.8c-0.4,0-0.7-0.3-0.7-0.7l-0.1-2.1 c0-0.4,0.3-0.7,0.7-0.7L41,15c0.4,0,0.7,0.3,0.7,0.7L41.8,17.8z\\"></path><path id=\\"ox-gray\\" class=\\"ox-gray\\" fill=\\"#5E6062\\" d=\\"M34.8,14c0,0.4-0.3,0.7-0.7,0.7H11.6c-0.4,0-0.7-0.3-0.7-0.7v-3.5c0-0.4,0.3-0.7,0.7-0.7h22.5 c0.4,0,0.7,0.3,0.7,0.7V14z\\"></path><path id=\\"ox-orange\\" class=\\"ox-orange\\" fill=\\"#F47641\\" d=\\"M39,8.1c0,0.3-0.4,0.5-1,0.5H8.6c-0.5,0-1-0.2-1-0.5V6.9c0-0.3,0.4-0.5,1-0.5H38 c0.5,0,1,0.2,1,0.5V8.1z\\"></path><path id=\\"ox-green\\" class=\\"ox-green\\" fill=\\"#77AF42\\" d=\\"M43.9,5c0,0.7-0.6,1.2-1.2,1.1L15,4.8c-0.7,0-1.2-0.6-1.1-1.2L14,1.1c0-0.7,0.6-1.2,1.2-1.1 l27.7,1.3c0.7,0,1.2,0.6,1.1,1.2L43.9,5z\\"></path><path id=\\"ox-type\\" class=\\"st2\\" fill=\\"#5E6062\\" d=\\"M3.1,30.2c-1.8,0-3.1,1.3-3.1,3.1c0,1.8,1.3,3.1,3.1,3.1c1.8,0,3.1-1.3,3.1-3.1 C6.2,31.5,4.9,30.2,3.1,30.2z M3.1,35.7c-1.4,0-2.3-1.1-2.3-2.4c0-1.3,0.9-2.4,2.3-2.4c1.4,0,2.3,1.1,2.3,2.4 C5.4,34.6,4.5,35.7,3.1,35.7z M10.9,30.2c-0.9,0-1.9,0.4-2.4,1.2h0v-1H7.7v8.8h0.8v-3.9h0C9,36,10,36.4,10.9,36.4 c1.8,0,3.1-1.3,3.1-3.1C14,31.5,12.7,30.2,10.9,30.2z M10.9,35.7c-1.4,0-2.5-1.1-2.5-2.4c0-1.3,1.1-2.4,2.5-2.4 c1.4,0,2.3,1.1,2.3,2.4C13.2,34.6,12.3,35.7,10.9,35.7z M18.3,30.2c-1.7,0-2.9,1.3-2.9,3.1c0,1.8,1.2,3.1,3,3.1c1,0,2-0.4,2.6-1.3 l-0.6-0.5c-0.4,0.6-1.2,1-2,1c-1.8,0-2.2-1.6-2.2-2.2h5v-0.5C21.1,31.6,20.1,30.2,18.3,30.2z M16.1,32.8c0-0.3,0.5-1.9,2.1-1.9 c1.1,0,2,0.9,2,1.9H16.1z M27.9,32.7v3.5h-0.8v-3.5c0-1-0.3-1.9-1.5-1.9c-1.1,0-2,0.8-2,2.4v2.9h-0.8V32c0-0.4-0.1-1.4-0.1-1.7h0.8 c0,0.4,0,0.9,0.1,1h0c0.3-0.7,1.1-1.2,2-1.2C27.4,30.2,27.9,31.4,27.9,32.7z M34.2,34.4c0,1.5-1.4,2-2.6,2c-0.9,0-1.8-0.2-2.4-0.9 l1-1c0.4,0.4,0.8,0.8,1.5,0.8c0.4,0,1-0.2,1-0.7c0-1.3-3.3-0.3-3.3-2.6c0-1.4,1.2-2,2.5-2c0.8,0,1.7,0.3,2.2,0.9l-1,0.9 c-0.3-0.4-0.7-0.6-1.2-0.6c-0.4,0-0.9,0.2-0.9,0.7C30.9,32.9,34.2,32,34.2,34.4z M37.5,30.1h1.7v1.3h-1.7v2.7c0,0.6,0.2,1,0.9,1 c0.3,0,0.6-0.1,0.8-0.2v1.3c-0.3,0.2-0.9,0.2-1.2,0.2c-1.6,0-2-0.7-2-2.2v-2.8h-1.3v-1.3H36v-1.8h1.5V30.1z M43,30 c-1,0-1.9,0.3-2.6,1l0.8,0.8c0.4-0.4,1-0.6,1.6-0.6c0.8,0,1.4,0.4,1.4,1.1v0.2h-0.4c-1.5,0-3.9,0.1-3.9,2.1c0,1.2,1.1,1.8,2.2,1.8 c0.8,0,1.5-0.3,2-1h0v0.8h1.4v-3.5C45.6,31.8,45.6,30,43,30z M44.1,33.8c0,0.9-0.5,1.4-1.5,1.4c-0.5,0-1.1-0.2-1.1-0.8 c0-0.9,1.5-0.9,2.3-0.9h0.3V33.8z M50.8,32.9l2.5,3.3h-1.9L49.8,34l-1.6,2.2h-1.8l2.5-3.3l-2.1-2.8h1.9l1.2,1.8l1.3-1.8h1.7 L50.8,32.9z M57.6,30.1v1.7h-0.3v-1.5h0l-0.6,1.5h-0.2l-0.6-1.5h0v1.5h-0.3v-1.7h0.4l0.5,1.3l0.5-1.3H57.6z M53.9,30.1h1.4v0.3h-0.5 v1.5h-0.3v-1.5h-0.5V30.1z\\"></path></svg></div></div><h3>Fetching Exercisesâ€¦</h3></div></div><a href=\\"#\\" tabindex=\\"0\\" title=\\"Go Forward\\" aria-controls=\\"paged-content\\" class=\\"paging-control next\\"><div class=\\"arrow-wrapper\\"><svg class=\\"icon arrow right\\" version=\\"1.1\\" xmlns=\\"http://www.w3.org/2000/svg\\" x=\\"0px\\" y=\\"0px\\" viewBox=\\"0 0 370 735\\"><path d=\\"M0,658.604l0,76.396l369.225,-369.225l-0.3,-0.3l-368.925,-365.475l0,77.168l291.449,290.332l-291.449,291.104Z\\"></path></svg></div></a></div></div>"`;

exports[`QA Screen renders as loading then matches snapshot 3`] = `"<div class=\\"screen qa\\"><div class=\\"book-menu\\"><ul class=\\"section\\" data-depth=\\"1\\"><li data-section=\\"1\\"><a tabindex=\\"-1\\" class=\\"\\"><span class=\\"section-number\\">1</span><!-- react-text: 19 -->Kinematics<!-- /react-text --></a></li><li data-section=\\"1.1\\"><ul class=\\"section\\" data-depth=\\"2\\"><li data-section=\\"1.1\\"><a tabindex=\\"-1\\" class=\\"\\"><span class=\\"section-number\\">1.1</span><!-- react-text: 25 -->Kinematics in 1 dim<!-- /react-text --></a></li></ul></li><li data-section=\\"1.2\\"><ul class=\\"section\\" data-depth=\\"2\\"><li data-section=\\"1.2\\"><a tabindex=\\"-1\\" class=\\"\\"><span class=\\"section-number\\">1.2</span><!-- react-text: 31 -->Kinematics in 2 dim<!-- /react-text --></a></li></ul></li><li data-section=\\"1.3\\"><ul class=\\"section\\" data-depth=\\"2\\"><li data-section=\\"1.3\\"><a tabindex=\\"-1\\" class=\\"\\"><span class=\\"section-number\\">1.3</span><!-- react-text: 37 -->Kinematics in 3 dim<!-- /react-text --></a></li></ul></li></ul><ul class=\\"section\\" data-depth=\\"1\\"><li data-section=\\"2\\"><a tabindex=\\"-1\\" class=\\"\\"><span class=\\"section-number\\">2</span><!-- react-text: 42 -->Mechanics<!-- /react-text --></a></li><li data-section=\\"2.1\\"><ul class=\\"section\\" data-depth=\\"2\\"><li data-section=\\"2.1\\"><a tabindex=\\"-1\\" class=\\"active\\"><span class=\\"section-number\\">2.1</span><!-- react-text: 48 -->Atoms, Isotopes, Ions, and Molecules: The Building Blocks<!-- /react-text --></a></li></ul></li><li data-section=\\"2.2\\"><ul class=\\"section\\" data-depth=\\"2\\"><li data-section=\\"2.2\\"><a tabindex=\\"-1\\" class=\\"\\"><span class=\\"section-number\\">2.2</span><!-- react-text: 54 -->Mechanics in 2 dim<!-- /react-text --></a></li></ul></li><li data-section=\\"2.3\\"><ul class=\\"section\\" data-depth=\\"2\\"><li data-section=\\"2.3\\"><a tabindex=\\"-1\\" class=\\"\\"><span class=\\"section-number\\">2.3</span><!-- react-text: 60 -->Mechanics in 3 dim<!-- /react-text --></a></li></ul></li></ul><ul class=\\"section\\" data-depth=\\"1\\"><li data-section=\\"3\\"><a tabindex=\\"-1\\" class=\\"\\"><span class=\\"section-number\\">3</span><!-- react-text: 65 -->Thermodynamics<!-- /react-text --></a></li><li data-section=\\"3.1\\"><ul class=\\"section\\" data-depth=\\"2\\"><li data-section=\\"3.1\\"><a tabindex=\\"-1\\" class=\\"\\"><span class=\\"section-number\\">3.1</span><!-- react-text: 71 -->Thermodynamics in 1 dim<!-- /react-text --></a></li></ul></li><li data-section=\\"3.2\\"><ul class=\\"section\\" data-depth=\\"2\\"><li data-section=\\"3.2\\"><a tabindex=\\"-1\\" class=\\"\\"><span class=\\"section-number\\">3.2</span><!-- react-text: 77 -->Thermodynamics in 2 dim<!-- /react-text --></a></li></ul></li><li data-section=\\"3.2\\"><ul class=\\"section\\" data-depth=\\"2\\"><li data-section=\\"3.2\\"><a tabindex=\\"-1\\" class=\\"\\"><span class=\\"section-number\\">3.2</span><!-- react-text: 83 -->Thermodynamics in 3 dim<!-- /react-text --></a></li></ul></li></ul></div><div class=\\"tutor-paging-navigation book-page\\"><a href=\\"#\\" target=\\"_blank\\" tabindex=\\"0\\" title=\\"Go Back\\" aria-controls=\\"paged-content\\" class=\\"paging-control prev\\"><div class=\\"arrow-wrapper\\"><svg class=\\"icon arrow left\\" version=\\"1.1\\" xmlns=\\"http://www.w3.org/2000/svg\\" x=\\"0px\\" y=\\"0px\\" viewBox=\\"0 0 370 735\\"><path d=\\"M369.225,658.604l0,76.396l-369.225,-369.225l0.3,-0.3l368.925,-365.475l0,77.168l-291.449,290.332l291.449,291.104Z\\"></path></svg></div></a><div tabindex=\\"0\\" role=\\"region\\" aria-live=\\"polite\\" id=\\"paged-content\\" class=\\"paged-content\\"><div class=\\"exercises\\"><div data-exercise-id=\\"31\\" tabindex=\\"-1\\" class=\\"openstax-exercise-preview exercise is-displaying-formats is-displaying-feedback panel panel-default\\"><div class=\\"panel-heading\\"><div class=\\"types panel-title\\"></div></div><div class=\\"panel-body\\"><!-- react-empty: 111 --><div class=\\"exercise-body\\"><!-- react-empty: 113 --><div class=\\"openstax-has-html stimulus\\"></div><div class=\\"openstax-question openstax-question-preview\\"><!-- react-empty: 116 --><!-- react-empty: 117 --><div class=\\"openstax-has-html question-stem\\">What does Newtonâ€™s First Law state?</div><div class=\\"answers-table\\"><div class=\\"openstax-answer\\"><div class=\\"answers-answer disabled\\"><label for=\\"494-option-0\\" class=\\"answer-label\\"><button class=\\"answer-letter\\" aria-label=\\"Choice a:\\" disabled=\\"\\">a</button><div class=\\"answer-answer\\"><span class=\\"openstax-has-html answer-content\\">The rate of change of momentum of a body is inversely proportional to the external force applied on the body</span><div class=\\"openstax-has-html question-feedback-content has-html\\">Are you sure that rate of change of momentum of a body is inversely proportional to the external force applied on the body?</div></div></label></div></div><div class=\\"openstax-answer\\"><div class=\\"answers-answer disabled\\"><label for=\\"494-option-1\\" class=\\"answer-label\\"><button class=\\"answer-letter\\" aria-label=\\"Choice b:\\" disabled=\\"\\">b</button><div class=\\"answer-answer\\"><span class=\\"openstax-has-html answer-content\\">The rate of change of momentum of a body is directly proportional to the external force applied on the body</span><div class=\\"openstax-has-html question-feedback-content has-html\\">Isnâ€™t it the second law of motion? Can you recall all the three laws of motion given by Newton?</div></div></label></div></div><div class=\\"openstax-answer\\"><div class=\\"answers-answer disabled answer-correct\\"><label for=\\"494-option-2\\" class=\\"answer-label\\"><button class=\\"answer-letter\\" aria-label=\\"Choice c:\\" disabled=\\"\\">c</button><div class=\\"answer-answer\\"><span class=\\"openstax-has-html answer-content\\">A body at rest tends to remain at rest, and a body in motion tends to remain in motion at a constant velocity unless acted upon by a net external force</span><div class=\\"openstax-has-html question-feedback-content has-html\\">Correct! Newtonâ€™s first law states that a body at rest tends to remain at rest, and a body in motion tends to remain in motion at a constant velocity unless acted upon by a net external force.</div></div></label></div></div><div class=\\"openstax-answer\\"><div class=\\"answers-answer disabled\\"><label for=\\"494-option-3\\" class=\\"answer-label\\"><button class=\\"answer-letter\\" aria-label=\\"Choice d:\\" disabled=\\"\\">d</button><div class=\\"answer-answer\\"><span class=\\"openstax-has-html answer-content\\">A body at rest tends to remain at rest, and a body in motion tends to remain in motion at a constant acceleration unless acted upon by a net external force</span><div class=\\"openstax-has-html question-feedback-content has-html\\">Do you think accelerated motion is different from the motion where a net external force is acting on the object?</div></div></label></div></div></div><div class=\\"formats-listing\\"><div class=\\"header\\">Formats:</div><span>multiple-choice</span><span>free-response</span></div></div></div><div class=\\"exercise-tags\\"><span class=\\"exercise-tag\\">ID: 31@1</span><div class=\\"lo-tag\\"><!-- react-text: 155 -->LO: <!-- /react-text --><!-- react-text: 156 -->k12phys-ch04-s02-lo01<!-- /react-text --></div><span class=\\"exercise-tag\\">practice-concepts</span><span class=\\"exercise-tag\\">inbook-yes</span><span class=\\"exercise-tag\\">dok1</span><span class=\\"exercise-tag\\">time-short</span><span class=\\"exercise-tag\\">display-free-response</span><span class=\\"exercise-tag\\">k12phys-ch04-ex031</span></div></div><div class=\\"panel-footer\\"><div class=\\"controls\\"><a target=\\"_blank\\" class=\\"edit-link\\" href=\\"http://exercises.openstax.org/exercises/31@draft\\">edit</a></div></div></div><div data-exercise-id=\\"32\\" tabindex=\\"-1\\" class=\\"openstax-exercise-preview exercise is-displaying-formats is-displaying-feedback panel panel-default\\"><div class=\\"panel-heading\\"><div class=\\"types panel-title\\"></div></div><div class=\\"panel-body\\"><!-- react-empty: 170 --><div class=\\"exercise-body\\"><!-- react-empty: 172 --><div class=\\"openstax-has-html stimulus\\"></div><div class=\\"openstax-question openstax-question-preview\\"><!-- react-empty: 175 --><!-- react-empty: 176 --><div class=\\"openstax-has-html question-stem\\">According to Newtonâ€™s First Law, a body in motion tends to remain in motion at constant velocity. However, when you slide an object across a surface, the object eventually slows down and stops. Why?</div><div class=\\"answers-table\\"><div class=\\"openstax-answer\\"><div class=\\"answers-answer disabled\\"><label for=\\"495-option-0\\" class=\\"answer-label\\"><button class=\\"answer-letter\\" aria-label=\\"Choice a:\\" disabled=\\"\\">a</button><div class=\\"answer-answer\\"><span class=\\"openstax-has-html answer-content\\">The object experiences a pseudo force of the body in motion, which opposes its motion</span><div class=\\"openstax-has-html question-feedback-content has-html\\">Is it correct to say that a pseudo force can bring change in motion of the body?</div></div></label></div></div><div class=\\"openstax-answer\\"><div class=\\"answers-answer disabled\\"><label for=\\"495-option-1\\" class=\\"answer-label\\"><button class=\\"answer-letter\\" aria-label=\\"Choice b:\\" disabled=\\"\\">b</button><div class=\\"answer-answer\\"><span class=\\"openstax-has-html answer-content\\">The object experiences an internal force exerted by the body itself, which opposes its motion</span><div class=\\"openstax-has-html question-feedback-content has-html\\">Are you sure that internal forces can oppose the motion of the body? Can you recall Newtonâ€™s second law of motion?</div></div></label></div></div><div class=\\"openstax-answer\\"><div class=\\"answers-answer disabled\\"><label for=\\"495-option-2\\" class=\\"answer-label\\"><button class=\\"answer-letter\\" aria-label=\\"Choice c:\\" disabled=\\"\\">c</button><div class=\\"answer-answer\\"><span class=\\"openstax-has-html answer-content\\">The object experiences the gravitational force exerted by the Earth, which opposes its motion</span><div class=\\"openstax-has-html question-feedback-content has-html\\">Do you think the gravitational force which acts perpendicular to the motion of the body will oppose its motion?</div></div></label></div></div><div class=\\"openstax-answer\\"><div class=\\"answers-answer disabled answer-correct\\"><label for=\\"495-option-3\\" class=\\"answer-label\\"><button class=\\"answer-letter\\" aria-label=\\"Choice d:\\" disabled=\\"\\">d</button><div class=\\"answer-answer\\"><span class=\\"openstax-has-html answer-content\\">The object experiences a frictional force exerted by the surface, which opposes its motion</span><div class=\\"openstax-has-html question-feedback-content has-html\\">Correct! The object experiences a frictional force exerted by the surface, which opposes its motion.</div></div></label></div></div></div><div class=\\"formats-listing\\"><div class=\\"header\\">Formats:</div><span>multiple-choice</span><span>free-response</span></div></div></div><div class=\\"exercise-tags\\"><span class=\\"exercise-tag\\">ID: 32@1</span><div class=\\"lo-tag\\"><!-- react-text: 214 -->LO: <!-- /react-text --><!-- react-text: 215 -->k12phys-ch04-s02-lo01<!-- /react-text --></div><span class=\\"exercise-tag\\">practice-concepts</span><span class=\\"exercise-tag\\">inbook-yes</span><span class=\\"exercise-tag\\">time-short</span><span class=\\"exercise-tag\\">display-free-response</span><span class=\\"exercise-tag\\">dok2</span><span class=\\"exercise-tag\\">k12phys-ch04-ex032</span></div></div><div class=\\"panel-footer\\"><div class=\\"controls\\"><a target=\\"_blank\\" class=\\"edit-link\\" href=\\"http://exercises.openstax.org/exercises/32@draft\\">edit</a></div></div></div><div data-exercise-id=\\"33\\" tabindex=\\"-1\\" class=\\"openstax-exercise-preview exercise is-displaying-formats is-displaying-feedback panel panel-default\\"><div class=\\"panel-heading\\"><div class=\\"types panel-title\\"></div></div><div class=\\"panel-body\\"><!-- react-empty: 229 --><div class=\\"exercise-body\\"><!-- react-empty: 231 --><div class=\\"openstax-has-html stimulus\\"></div><div class=\\"openstax-question openstax-question-preview\\"><!-- react-empty: 234 --><!-- react-empty: 235 --><div class=\\"openstax-has-html question-stem\\">How do you express mathematically that no external force is acting on a body?</div><div class=\\"answers-table\\"><div class=\\"openstax-answer\\"><div class=\\"answers-answer disabled\\"><label for=\\"496-option-0\\" class=\\"answer-label\\"><button class=\\"answer-letter\\" aria-label=\\"Choice a:\\" disabled=\\"\\">a</button><div class=\\"answer-answer\\"><span class=\\"openstax-has-html answer-content\\"><span data-math=\\"F_\\\\text{net} = \\\\infty\\">F_\\\\text{net} = \\\\infty</span></span><div class=\\"openstax-has-html question-feedback-content has-html\\">Are you sure that <span data-math=\\"F_\\\\text{net} = \\\\infty\\">F_\\\\text{net} = \\\\infty</span> expresses mathematically that no external force is acting on a body?</div></div></label></div></div><div class=\\"openstax-answer\\"><div class=\\"answers-answer disabled\\"><label for=\\"496-option-1\\" class=\\"answer-label\\"><button class=\\"answer-letter\\" aria-label=\\"Choice b:\\" disabled=\\"\\">b</button><div class=\\"answer-answer\\"><span class=\\"openstax-has-html answer-content\\"><span data-math=\\"F_\\\\text{net} = 1\\">F_\\\\text{net} = 1</span></span><div class=\\"openstax-has-html question-feedback-content has-html\\">Is it correct to say that <span data-math=\\"\\\\text{F}_\\\\text{net} = 1\\">\\\\text{F}_\\\\text{net} = 1</span> represents no external force is acting on a body? Doesnâ€™t it tell that a unit force is acting in the positive direction?</div></div></label></div></div><div class=\\"openstax-answer\\"><div class=\\"answers-answer disabled answer-correct\\"><label for=\\"496-option-2\\" class=\\"answer-label\\"><button class=\\"answer-letter\\" aria-label=\\"Choice c:\\" disabled=\\"\\">c</button><div class=\\"answer-answer\\"><span class=\\"openstax-has-html answer-content\\"><span data-math=\\"F_\\\\text{net} = 0\\">F_\\\\text{net} = 0</span></span><div class=\\"openstax-has-html question-feedback-content has-html\\">Correct! <span data-math=\\"F_\\\\text{net} = 0\\">F_\\\\text{net} = 0</span> mathematically means that no external force is acting on a body.</div></div></label></div></div><div class=\\"openstax-answer\\"><div class=\\"answers-answer disabled\\"><label for=\\"496-option-3\\" class=\\"answer-label\\"><button class=\\"answer-letter\\" aria-label=\\"Choice d:\\" disabled=\\"\\">d</button><div class=\\"answer-answer\\"><span class=\\"openstax-has-html answer-content\\"><span data-math=\\"F_\\\\text{net} = {-1}\\">F_\\\\text{net} = {-1}</span></span><div class=\\"openstax-has-html question-feedback-content has-html\\">Do you think <span data-math=\\"F_\\\\text{net} = {-1}\\">F_\\\\text{net} = {-1}</span> means that no external force is acting on a body? Doesnâ€™t it tell that a unit force is acting in the negative direction?</div></div></label></div></div></div><div class=\\"formats-listing\\"><div class=\\"header\\">Formats:</div><span>multiple-choice</span><span>free-response</span></div></div></div><div class=\\"exercise-tags\\"><span class=\\"exercise-tag\\">ID: 33@1</span><div class=\\"lo-tag\\"><!-- react-text: 273 -->LO: <!-- /react-text --><!-- react-text: 274 -->k12phys-ch04-s02-lo01<!-- /react-text --></div><span class=\\"exercise-tag\\">practice-concepts</span><span class=\\"exercise-tag\\">dok1</span><span class=\\"exercise-tag\\">time-short</span><span class=\\"exercise-tag\\">display-free-response</span><span class=\\"exercise-tag\\">tutor-only</span><span class=\\"exercise-tag\\">k12phys-ch04-ex033</span></div></div><div class=\\"panel-footer\\"><div class=\\"controls\\"><a target=\\"_blank\\" class=\\"edit-link\\" href=\\"http://exercises.openstax.org/exercises/33@draft\\">edit</a></div></div></div><div data-exercise-id=\\"34\\" tabindex=\\"-1\\" class=\\"openstax-exercise-preview exercise is-displaying-formats is-displaying-feedback panel panel-default\\"><div class=\\"panel-heading\\"><div class=\\"types panel-title\\"></div></div><div class=\\"panel-body\\"><!-- react-empty: 288 --><div class=\\"exercise-body\\"><!-- react-empty: 290 --><div class=\\"openstax-has-html stimulus\\"></div><div class=\\"openstax-question openstax-question-preview\\"><!-- react-empty: 293 --><!-- react-empty: 294 --><div class=\\"openstax-has-html question-stem\\">What is friction?</div><div class=\\"answers-table\\"><div class=\\"openstax-answer\\"><div class=\\"answers-answer disabled\\"><label for=\\"497-option-0\\" class=\\"answer-label\\"><button class=\\"answer-letter\\" aria-label=\\"Choice a:\\" disabled=\\"\\">a</button><div class=\\"answer-answer\\"><span class=\\"openstax-has-html answer-content\\">Friction is an external force that accelerates motion of the body</span><div class=\\"openstax-has-html question-feedback-content has-html\\">Yes, friction is an external force but do you think it accelerates motion of the body? Can you think how a body comes to rest?</div></div></label></div></div><div class=\\"openstax-answer\\"><div class=\\"answers-answer disabled answer-correct\\"><label for=\\"497-option-1\\" class=\\"answer-label\\"><button class=\\"answer-letter\\" aria-label=\\"Choice b:\\" disabled=\\"\\">b</button><div class=\\"answer-answer\\"><span class=\\"openstax-has-html answer-content\\">Friction is an external force that decelerates motion of the body</span><div class=\\"openstax-has-html question-feedback-content has-html\\">Correct! Friction is an external force that opposes the motion of the body.</div></div></label></div></div><div class=\\"openstax-answer\\"><div class=\\"answers-answer disabled\\"><label for=\\"497-option-2\\" class=\\"answer-label\\"><button class=\\"answer-letter\\" aria-label=\\"Choice c:\\" disabled=\\"\\">c</button><div class=\\"answer-answer\\"><span class=\\"openstax-has-html answer-content\\">Friction is an internal force that accelerates motion of the body</span><div class=\\"openstax-has-html question-feedback-content has-html\\">Are you sure that friction is an internal force that accelerates motion of the body? Have you got the definition correctly?</div></div></label></div></div><div class=\\"openstax-answer\\"><div class=\\"answers-answer disabled\\"><label for=\\"497-option-3\\" class=\\"answer-label\\"><button class=\\"answer-letter\\" aria-label=\\"Choice d:\\" disabled=\\"\\">d</button><div class=\\"answer-answer\\"><span class=\\"openstax-has-html answer-content\\">Friction is an internal force that decelerates motion of the body</span><div class=\\"openstax-has-html question-feedback-content has-html\\">It is correct that friction decelerates motion of the body but do you think it is an internal force? Can you differentiate between internal and external forces?</div></div></label></div></div></div><div class=\\"formats-listing\\"><div class=\\"header\\">Formats:</div><span>multiple-choice</span><span>free-response</span></div></div></div><div class=\\"exercise-tags\\"><span class=\\"exercise-tag\\">ID: 34@1</span><div class=\\"lo-tag\\"><!-- react-text: 332 -->LO: <!-- /react-text --><!-- react-text: 333 -->k12phys-ch04-s02-lo01<!-- /react-text --></div><span class=\\"exercise-tag\\">practice-concepts</span><span class=\\"exercise-tag\\">dok1</span><span class=\\"exercise-tag\\">time-short</span><span class=\\"exercise-tag\\">display-free-response</span><span class=\\"exercise-tag\\">tutor-only</span><span class=\\"exercise-tag\\">k12phys-ch04-ex034</span></div></div><div class=\\"panel-footer\\"><div class=\\"controls\\"><a target=\\"_blank\\" class=\\"edit-link\\" href=\\"http://exercises.openstax.org/exercises/34@draft\\">edit</a></div></div></div><div data-exercise-id=\\"35\\" tabindex=\\"-1\\" class=\\"openstax-exercise-preview exercise is-displaying-formats is-displaying-feedback panel panel-default\\"><div class=\\"panel-heading\\"><div class=\\"types panel-title\\"></div></div><div class=\\"panel-body\\"><!-- react-empty: 347 --><div class=\\"exercise-body\\"><!-- react-empty: 349 --><div class=\\"openstax-has-html stimulus\\"></div><div class=\\"openstax-question openstax-question-preview\\"><!-- react-empty: 352 --><!-- react-empty: 353 --><div class=\\"openstax-has-html question-stem\\">Name one thing that the friction between two surfaces may depend on.</div><div class=\\"answers-table\\"><div class=\\"openstax-answer\\"><div class=\\"answers-answer disabled answer-correct\\"><label for=\\"498-option-0\\" class=\\"answer-label\\"><button class=\\"answer-letter\\" aria-label=\\"Choice a:\\" disabled=\\"\\">a</button><div class=\\"answer-answer\\"><span class=\\"openstax-has-html answer-content\\">Roughness of the surfaces</span><div class=\\"openstax-has-html question-feedback-content has-html\\">Correct! Friction between two surfaces depends on the quality of the surface, that is, on its smoothness or roughness.</div></div></label></div></div><div class=\\"openstax-answer\\"><div class=\\"answers-answer disabled\\"><label for=\\"498-option-1\\" class=\\"answer-label\\"><button class=\\"answer-letter\\" aria-label=\\"Choice b:\\" disabled=\\"\\">b</button><div class=\\"answer-answer\\"><span class=\\"openstax-has-html answer-content\\">Breadth of the surfaces</span><div class=\\"openstax-has-html question-feedback-content has-html\\">Is it correct to say that friction depends on the breadth of the surface? Can you recall definition of friction and the factors on which it is dependent?</div></div></label></div></div><div class=\\"openstax-answer\\"><div class=\\"answers-answer disabled\\"><label for=\\"498-option-2\\" class=\\"answer-label\\"><button class=\\"answer-letter\\" aria-label=\\"Choice c:\\" disabled=\\"\\">c</button><div class=\\"answer-answer\\"><span class=\\"openstax-has-html answer-content\\">Length of the surfaces</span><div class=\\"openstax-has-html question-feedback-content has-html\\">Are you sure that friction depends on the dimension of the surfaces? Do you think friction depends on the length of the surface?</div></div></label></div></div><div class=\\"openstax-answer\\"><div class=\\"answers-answer disabled\\"><label for=\\"498-option-3\\" class=\\"answer-label\\"><button class=\\"answer-letter\\" aria-label=\\"Choice d:\\" disabled=\\"\\">d</button><div class=\\"answer-answer\\"><span class=\\"openstax-has-html answer-content\\">Composition of the surfaces</span><div class=\\"openstax-has-html question-feedback-content has-html\\">Do you think friction is a physical quantity which depends on the composition of the surfaces? Can you recall definition of friction?</div></div></label></div></div></div><div class=\\"formats-listing\\"><div class=\\"header\\">Formats:</div><span>multiple-choice</span><span>free-response</span></div></div></div><div class=\\"exercise-tags\\"><span class=\\"exercise-tag\\">ID: 35@1</span><div class=\\"lo-tag\\"><!-- react-text: 391 -->LO: <!-- /react-text --><!-- react-text: 392 -->k12phys-ch04-s02-lo01<!-- /react-text --></div><span class=\\"exercise-tag\\">practice-concepts</span><span class=\\"exercise-tag\\">time-short</span><span class=\\"exercise-tag\\">display-free-response</span><span class=\\"exercise-tag\\">dok2</span><span class=\\"exercise-tag\\">tutor-only</span><span class=\\"exercise-tag\\">k12phys-ch04-ex035</span></div></div><div class=\\"panel-footer\\"><div class=\\"controls\\"><a target=\\"_blank\\" class=\\"edit-link\\" href=\\"http://exercises.openstax.org/exercises/35@draft\\">edit</a></div></div></div><div data-exercise-id=\\"36\\" tabindex=\\"-1\\" class=\\"openstax-exercise-preview exercise is-displaying-formats is-displaying-feedback panel panel-default\\"><div class=\\"panel-heading\\"><div class=\\"types panel-title\\"></div></div><div class=\\"panel-body\\"><!-- react-empty: 406 --><div class=\\"exercise-body\\"><!-- react-empty: 408 --><div class=\\"openstax-has-html stimulus\\"></div><div class=\\"openstax-question openstax-question-preview\\"><!-- react-empty: 411 --><!-- react-empty: 412 --><div class=\\"openstax-has-html question-stem\\">Why does a puck slide more smoothly on an air-hockey table when the air is turned on?</div><div class=\\"answers-table\\"><div class=\\"openstax-answer\\"><div class=\\"answers-answer disabled\\"><label for=\\"499-option-0\\" class=\\"answer-label\\"><button class=\\"answer-letter\\" aria-label=\\"Choice a:\\" disabled=\\"\\">a</button><div class=\\"answer-answer\\"><span class=\\"openstax-has-html answer-content\\">It increases the gravitational force between the puck and the table</span><div class=\\"openstax-has-html question-feedback-content has-html\\">Is it correct to say that air will have any effect on the gravitational force? Also, do you think it will be the right factor to be considered when motion between two surfaces is described?</div></div></label></div></div><div class=\\"openstax-answer\\"><div class=\\"answers-answer disabled\\"><label for=\\"499-option-1\\" class=\\"answer-label\\"><button class=\\"answer-letter\\" aria-label=\\"Choice b:\\" disabled=\\"\\">b</button><div class=\\"answer-answer\\"><span class=\\"openstax-has-html answer-content\\">It reduces the gravitational force between the puck and the table</span><div class=\\"openstax-has-html question-feedback-content has-html\\">Are you sure that air will have any effect on the gravitational force? Also, is it the correct factor to consider when motion between two surfaces is considered?</div></div></label></div></div><div class=\\"openstax-answer\\"><div class=\\"answers-answer disabled\\"><label for=\\"499-option-2\\" class=\\"answer-label\\"><button class=\\"answer-letter\\" aria-label=\\"Choice c:\\" disabled=\\"\\">c</button><div class=\\"answer-answer\\"><span class=\\"openstax-has-html answer-content\\">It increases the friction between the puck and the table</span><div class=\\"openstax-has-html question-feedback-content has-html\\">Do you think if the friction between the puck and the table is increased, the puck will slide more smoothly? Can you recall the definition of friction?</div></div></label></div></div><div class=\\"openstax-answer\\"><div class=\\"answers-answer disabled answer-correct\\"><label for=\\"499-option-3\\" class=\\"answer-label\\"><button class=\\"answer-letter\\" aria-label=\\"Choice d:\\" disabled=\\"\\">d</button><div class=\\"answer-answer\\"><span class=\\"openstax-has-html answer-content\\">It reduces the friction between the puck and the table</span><div class=\\"openstax-has-html question-feedback-content has-html\\">Correct! The air reduces the friction between the puck and the table</div></div></label></div></div></div><div class=\\"formats-listing\\"><div class=\\"header\\">Formats:</div><span>multiple-choice</span><span>free-response</span></div></div></div><div class=\\"exercise-tags\\"><span class=\\"exercise-tag\\">ID: 36@1</span><div class=\\"lo-tag\\"><!-- react-text: 450 -->LO: <!-- /react-text --><!-- react-text: 451 -->k12phys-ch04-s02-lo01<!-- /react-text --></div><span class=\\"exercise-tag\\">practice-concepts</span><span class=\\"exercise-tag\\">time-short</span><span class=\\"exercise-tag\\">display-free-response</span><span class=\\"exercise-tag\\">dok2</span><span class=\\"exercise-tag\\">tutor-only</span><span class=\\"exercise-tag\\">k12phys-ch04-ex036</span></div></div><div class=\\"panel-footer\\"><div class=\\"controls\\"><a target=\\"_blank\\" class=\\"edit-link\\" href=\\"http://exercises.openstax.org/exercises/36@draft\\">edit</a></div></div></div></div></div><a href=\\"#\\" tabindex=\\"0\\" title=\\"Go Forward\\" aria-controls=\\"paged-content\\" class=\\"paging-control next\\"><div class=\\"arrow-wrapper\\"><svg class=\\"icon arrow right\\" version=\\"1.1\\" xmlns=\\"http://www.w3.org/2000/svg\\" x=\\"0px\\" y=\\"0px\\" viewBox=\\"0 0 370 735\\"><path d=\\"M0,658.604l0,76.396l369.225,-369.225l-0.3,-0.3l-368.925,-365.475l0,77.168l291.449,290.332l-291.449,291.104Z\\"></path></svg></div></a></div></div>"`;
