// Jest Snapshot v1, https://goo.gl/fbAQLP

exports[`Course Settings matches snapshot 1`] = `
<div
  className="course-page roster"
  data-appearance={undefined}
  data-book-title=""
  data-is-preview={false}
  data-term=" undefined"
  data-title="Local Test Course"
>
  <header>
    <div
      className="title-wrapper"
    >
      <div
        className="title"
      >
        Roster
      </div>
    </div>
    <div
      className="controls-wrapper"
    >
      <div
        className="course-settings-title"
      >
        Local Test Course
      </div>
      <h4
        className="course-settings-term"
      />
    </div>
  </header>
  <div
    className="body-wrapper"
  >
    <div
      className="body"
    >
      <div
        className=""
        data-tour-region-id="course-settings"
      >
        <div
          className="settings-section teachers"
        >
          <div
            className="teachers-table"
          >
            <div
              className="heading"
            >
              <span
                className="course-settings-subtitle"
              >
                Instructors
              </span>
              <button
                className="control add-teacher btn btn-link"
                disabled={false}
                onClick={[Function]}
                type="button"
              >
                <i
                  className="tutor-icon fa fa-plus"
                  type="plus"
                />
                Add Instructor
              </button>
            </div>
            <table
              className="roster table table-striped table-bordered table-condensed table-hover"
            >
              <thead>
                <tr>
                  <th>
                    First Name
                  </th>
                  <th>
                    Last Name
                  </th>
                  <th>
                    Actions
                  </th>
                </tr>
              </thead>
              <tbody />
            </table>
          </div>
        </div>
        <div
          className="roster"
        >
          <div
            className="settings-section periods"
          >
            <nav
              className="tutor-tabs"
            >
              <ul
                className="nav nav-tabs"
              >
                <li
                  className="active"
                >
                  <a
                    aria-selected={true}
                    href="#"
                    onClick={[Function]}
                  >
                    <h2>
                      1st
                    </h2>
                  </a>
                </li>
                <li
                  className=""
                >
                  <a
                    aria-selected={false}
                    href="#"
                    onClick={[Function]}
                  >
                    <h2>
                      2nd
                    </h2>
                  </a>
                </li>
                <li
                  className=""
                >
                  <a
                    aria-selected={false}
                    href="#"
                    onClick={[Function]}
                  >
                    <h2>
                      3rd
                    </h2>
                  </a>
                </li>
                <li
                  className=""
                >
                  <a
                    aria-selected={false}
                    href="#"
                    onClick={[Function]}
                  >
                    <h2>
                      5th
                    </h2>
                  </a>
                </li>
                <li
                  className=""
                >
                  <a
                    aria-selected={false}
                    href="#"
                    onClick={[Function]}
                  >
                    <h2>
                      6th
                    </h2>
                  </a>
                </li>
                <li
                  className=""
                >
                  <a
                    aria-selected={false}
                    href="#"
                    onClick={[Function]}
                  >
                    <h2>
                      10th
                    </h2>
                  </a>
                </li>
              </ul>
              <button
                className="control add-period btn btn-link"
                disabled={false}
                onClick={[Function]}
                type="button"
              >
                <i
                  className="tutor-icon fa fa-plus"
                  type="plus"
                />
                Add
                <span>
                  Period
                </span>
              </button>
              <div
                className="visible-when-debugging view-archived-periods unstyled"
              >
                <button
                  className="control view-archived-periods btn btn-link"
                  disabled={false}
                  onClick={[Function]}
                  type="button"
                >
                  View Archived 
                  <span>
                    Period
                  </span>
                </button>
              </div>
            </nav>
            <div
              className="active-period"
            >
              <div
                className="period-edit-controls"
              >
                <span
                  className="spacer"
                />
                <button
                  className="control rename-period btn btn-link"
                  disabled={false}
                  onClick={[Function]}
                  type="button"
                >
                  <i
                    className="tutor-icon fa fa-pencil"
                    type="pencil"
                  />
                   Rename
                </button>
                <button
                  className="control delete-period btn btn-link"
                  disabled={false}
                  onClick={[Function]}
                  type="button"
                >
                  <i
                    className="tutor-icon fa fa-trash"
                    type="trash"
                  />
                  Delete 
                  <span>
                    Period
                  </span>
                </button>
              </div>
              <div
                className="roster-empty-info"
              >
                <p>
                  No students have enrolled in this 
                  <span>
                    period
                  </span>
                   yet. Manage student access in 
                  <a
                    href="settings"
                    onClick={[Function]}
                  >
                    Settings
                  </a>
                  .
                </p>
                <a
                  className="btn btn-default"
                  href="settings"
                  onClick={[Function]}
                >
                  Manage student access
                </a>
              </div>
            </div>
          </div>
        </div>
      </div>
    </div>
  </div>
</div>
`;
