// Jest Snapshot v1, https://goo.gl/fbAQLP

exports[`Student Payments Management renders and matches snapshot 1`] = `
<div
  className="manage-payments container"
>
  <header>
    <h1>
      Manage payments
    </h1>
    <a
      className="btn btn-default"
      href="/"
      onClick={[Function]}
      style={Object {}}
    >
      Back to Dashboard
    </a>
  </header>
  <table
    className="table table-striped"
  >
    <thead>
      <tr>
        <th>
          Item
        </th>
        <th>
          Transaction date
        </th>
        <th>
          Order number
        </th>
        <th
          className="right"
        >
          Amount
        </th>
        <td />
      </tr>
    </thead>
    <tbody>
      <tr>
        <td>
          OpenStax Tutor
        </td>
        <td>
          July 13th 2017
        </td>
        <td>
          33uqbxbi324n
        </td>
        <td
          className="right"
        >
          13.41
        </td>
        <td
          className="refund"
        >
          <button
            className="async-button btn btn-default"
            data-identifier="33uqbxbi324n"
            disabled={false}
            onClick={[Function]}
            type="button"
          >
            Request Refund
          </button>
        </td>
        <td>
          <a
            className="btn btn-link"
            data-identifier="33uqbxbi324n"
            href="/invoice/33uqbxbi324n"
            onClick={[Function]}
          >
            Invoice
          </a>
        </td>
      </tr>
      <tr>
        <td>
          OpenStax Tutor
        </td>
        <td>
          July 13th 2017
        </td>
        <td>
          nuvwqun23ztq
        </td>
        <td
          className="right"
        >
          13.41
        </td>
        <td
          className="refund"
        >
          <button
            className="async-button btn btn-default"
            data-identifier="nuvwqun23ztq"
            disabled={false}
            onClick={[Function]}
            type="button"
          >
            Request Refund
          </button>
        </td>
        <td>
          <a
            className="btn btn-link"
            data-identifier="nuvwqun23ztq"
            href="/invoice/nuvwqun23ztq"
            onClick={[Function]}
          >
            Invoice
          </a>
        </td>
      </tr>
      <tr>
        <td>
          OpenStax Tutor
        </td>
        <td>
          July 13th 2017
        </td>
        <td>
          ru6ifviicwki
        </td>
        <td
          className="right"
        >
          13.41
        </td>
        <td
          className="refund"
        >
          <button
            className="async-button btn btn-default"
            data-identifier="ru6ifviicwki"
            disabled={false}
            onClick={[Function]}
            type="button"
          >
            Request Refund
          </button>
        </td>
        <td>
          <a
            className="btn btn-link"
            data-identifier="ru6ifviicwki"
            href="/invoice/ru6ifviicwki"
            onClick={[Function]}
          >
            Invoice
          </a>
        </td>
      </tr>
      <tr>
        <td>
          OpenStax Tutor
        </td>
        <td>
          July 14th 2017
        </td>
        <td>
          fxa4s2kj75fr
        </td>
        <td
          className="right"
        >
          13.41
        </td>
        <td
          className="refund"
        >
          <button
            className="async-button btn btn-default"
            data-identifier="fxa4s2kj75fr"
            disabled={false}
            onClick={[Function]}
            type="button"
          >
            Request Refund
          </button>
        </td>
        <td>
          <a
            className="btn btn-link"
            data-identifier="fxa4s2kj75fr"
            href="/invoice/fxa4s2kj75fr"
            onClick={[Function]}
          >
            Invoice
          </a>
        </td>
      </tr>
      <tr>
        <td>
          unit test product
        </td>
        <td>
          July 16th 2017
        </td>
        <td>
          3dmy8nu4v4bg
        </td>
        <td
          className="right"
        >
          357.25
        </td>
        <td
          className="refund"
        >
          <button
            className="async-button btn btn-default"
            data-identifier="3dmy8nu4v4bg"
            disabled={false}
            onClick={[Function]}
            type="button"
          >
            Request Refund
          </button>
        </td>
        <td>
          <a
            className="btn btn-link"
            data-identifier="3dmy8nu4v4bg"
            href="/invoice/3dmy8nu4v4bg"
            onClick={[Function]}
          >
            Invoice
          </a>
        </td>
      </tr>
      <tr>
        <td>
          unit test product
        </td>
        <td>
          July 16th 2017
        </td>
        <td>
          kjxdvs9wd7rw
        </td>
        <td
          className="right"
        >
          1388.07
        </td>
        <td />
        <td>
          <a
            className="btn btn-link"
            data-identifier="kjxdvs9wd7rw"
            href="/invoice/kjxdvs9wd7rw"
            onClick={[Function]}
          >
            Invoice
          </a>
        </td>
      </tr>
      <tr>
        <td>
          unit test product
        </td>
        <td>
          July 16th 2017
        </td>
        <td>
          cufu6hr4xicy
        </td>
        <td
          className="right"
        >
          1591.48
        </td>
        <td />
        <td>
          <a
            className="btn btn-link"
            data-identifier="cufu6hr4xicy"
            href="/invoice/cufu6hr4xicy"
            onClick={[Function]}
          >
            Invoice
          </a>
        </td>
      </tr>
    </tbody>
  </table>
  <div
    className="footer"
  >
    <a
      className="refund-policy"
      href="/"
      onClick={[Function]}
      style={Object {}}
      tabIndex={0}
      target="_blank"
    >
      Refund policy for OpenStax Tutor Beta courses
    </a>
    <div
      className="help"
    >
      Need Help? 
      <a
        className=""
        href="/"
        onClick={[Function]}
        style={Object {}}
        tabIndex={0}
        target="_blank"
      >
        Contact Support
      </a>
    </div>
  </div>
</div>
`;

exports[`Student Payments Management renders empty when no payments 1`] = `
<div
  className="manage-payments container"
>
  <header>
    <h1>
      Manage payments
    </h1>
    <a
      className="btn btn-default"
      href="/"
      onClick={[Function]}
      style={Object {}}
    >
      Back to Dashboard
    </a>
  </header>
  <div
    className="empty"
  >
    <h3>
      No payments were found for your account.
    </h3>
  </div>
  <div
    className="footer"
  >
    <a
      className="refund-policy"
      href="/"
      onClick={[Function]}
      style={Object {}}
      tabIndex={0}
      target="_blank"
    >
      Refund policy for OpenStax Tutor Beta courses
    </a>
    <div
      className="help"
    >
      Need Help? 
      <a
        className=""
        href="/"
        onClick={[Function]}
        style={Object {}}
        tabIndex={0}
        target="_blank"
      >
        Contact Support
      </a>
    </div>
  </div>
</div>
`;
