// Jest Snapshot v1, https://goo.gl/fbAQLP

exports[`Background job toasts pluralizes error count 1`] = `"<div data-reactroot=\\"\\" role=\\"dialog\\"><div role=\\"dialog\\" tabindex=\\"-1\\" class=\\"warning lms-push-partial-failure fade in modal\\" style=\\"display: block; padding-right: 0px;\\"><div class=\\"modal-dialog\\"><div class=\\"modal-content\\" role=\\"document\\"><div class=\\"warning modal-header\\"><i type=\\"exclamation-triangle\\" role=\\"presentation\\" class=\\"tutor-icon fa fa-exclamation-triangle\\"></i><!-- react-text: 7 -->Some scores not sent<!-- /react-text --></div><div class=\\"modal-body\\"><div><p><!-- react-text: 11 -->Course averages for <!-- /react-text --><!-- react-text: 12 -->2 students<!-- /react-text --><!-- react-text: 13 --> could not be sent successfully to your LMS.  There may be an issue with your LMS, or something may have happened when students enrolled.<!-- /react-text --></p><a target=\\"_blank\\" tabindex=\\"0\\">Troubleshoot sending scores to your LMS</a><div class=\\"controls\\"><button type=\\"button\\" class=\\"btn btn-primary\\">View those scores</button><button type=\\"button\\" class=\\"btn btn-default\\">Close</button></div></div></div></div></div></div></div>"`;

exports[`Background job toasts toggles error list 1`] = `"<div data-reactroot=\\"\\" role=\\"dialog\\"><div role=\\"dialog\\" tabindex=\\"-1\\" class=\\"warning lms-push-partial-failure fade in modal\\" style=\\"display: block; padding-right: 0px;\\"><div class=\\"modal-dialog\\"><div class=\\"modal-content\\" role=\\"document\\"><div class=\\"warning modal-header\\"><i type=\\"exclamation-triangle\\" role=\\"presentation\\" class=\\"tutor-icon fa fa-exclamation-triangle\\"></i><!-- react-text: 7 -->Some scores not sent<!-- /react-text --></div><div class=\\"modal-body\\"><div><p>SCORES NOT SENT</p><table class=\\"table\\"><thead><tr><th>Student ID</th><th>Name</th><th class=\\"average\\"><!-- react-text: 24 -->Course Average<!-- /react-text --><i type=\\"download\\" role=\\"button\\" class=\\"tutor-icon fa fa-download clickable\\"></i></th></tr></thead><tbody><tr><td>1234</td><td>Bob</td><td><!-- react-text: 31 -->12<!-- /react-text --><!-- react-text: 32 -->%<!-- /react-text --></td></tr></tbody></table><div class=\\"controls\\"><button type=\\"button\\" class=\\"dark btn btn-default\\">Back</button><button type=\\"button\\" class=\\"btn btn-default\\">Close</button></div></div></div></div></div></div></div>"`;
