// Jest Snapshot v1, https://goo.gl/fbAQLP

exports[`Task Plan Builder: Preview button matches snapshot 1`] = `
<button
  className="preview-btn pull-right btn btn-default"
  disabled={false}
  onClick={[Function]}
  type="button"
>
  <i
    className="tutor-icon fa fa-video-camera"
    type="video-camera"
  />
  What do students see?
</button>
`;
