// Jest Snapshot v1, https://goo.gl/fbAQLP

exports[`Select Topics matches snapshot 1`] = `
<div
  className="loadable is-loading"
>
  Loading... 
</div>
`;
