// Jest Snapshot v1, https://goo.gl/fbAQLP

exports[`TaskPlan stats progress bar matches snapshot 1`] = `
<div
  className="reading-progress inactive"
>
  <div
    className="reading-progress-heading"
  >
    <strong>
      <span
        className="text-success"
      >
        1.2
      </span>
       
    </strong>
     
    <span
      className="reading-progress-student-count"
    >
      (
       students)
    </span>
  </div>
  <div
    className="reading-progress-container"
  >
    <div
      className="reading-progress-group progress"
    >
      <div
        alt="50% correct"
        aria-valuemax={100}
        aria-valuemin={0}
        aria-valuenow={50}
        className="reading-progress-bar progress-bar-correct progress-bar"
        role="progressbar"
        style={
          Object {
            "width": "50%",
          }
        }
        type="correct"
      >
        50%
      </div>
      <div
        alt="50% incorrect"
        aria-valuemax={100}
        aria-valuemin={0}
        aria-valuenow={50}
        className="reading-progress-bar progress-bar-incorrect progress-bar"
        role="progressbar"
        style={
          Object {
            "width": "50%",
          }
        }
        type="incorrect"
      >
        50%
      </div>
    </div>
  </div>
</div>
`;
