// Jest Snapshot v1, https://goo.gl/fbAQLP

exports[`My Courses Component matches snapshot 1`] = `
<div
  className="my-courses"
  data-tour-region-id="my-courses"
>
  <div
    className="my-courses-current"
  >
    <div
      className="container"
    >
      <div
        className="my-courses-title row"
      >
        <div
          className="col-md-12"
        >
          <h1>
            Current Courses
          </h1>
        </div>
      </div>
      <div
        className="my-courses-section my-courses-current-section row"
      >
        <div
          className="col-md-3 col-sm-6 col-xs-12"
        >
          <div
            className="my-courses-item-wrapper"
          >
            <div
              className="my-courses-item"
              data-appearance="testing"
              data-book-title="Testing"
              data-course-course-type="tutor"
              data-course-id="1"
              data-is-preview={false}
              data-is-teacher={false}
              data-term="Spring 2017"
              data-title="Local Test Course One"
            >
              <div
                className="my-courses-item-title"
              >
                <a
                  className={undefined}
                  href="/course/1"
                  onClick={[Function]}
                >
                  Local Test Course One
                </a>
              </div>
              <div
                className="my-courses-item-details"
                data-has-controls={false}
              >
                <a
                  className={undefined}
                  href="/course/1"
                  onClick={[Function]}
                >
                  <p
                    className="course-branding my-courses-item-brand"
                    data-is-beta={true}
                  >
                    OpenStax Tutor
                  </p>
                  <p
                    className="my-courses-item-term"
                  >
                    spring
                     
                    2017
                  </p>
                </a>
              </div>
            </div>
          </div>
        </div>
        <div
          className="col-md-3 col-sm-6 col-xs-12"
        >
          <div
            className="my-courses-item-wrapper"
          >
            <div
              className="my-courses-item"
              data-appearance="testing"
              data-book-title="Testing"
              data-course-course-type="tutor"
              data-course-id="3"
              data-is-preview={false}
              data-is-teacher={true}
              data-term="Spring 2017"
              data-title="Local Test Course Three"
            >
              <div
                className="my-courses-item-title"
              >
                <a
                  className={undefined}
                  href="/course/3"
                  onClick={[Function]}
                >
                  Local Test Course Three
                </a>
              </div>
              <div
                className="my-courses-item-details"
                data-has-controls={false}
              >
                <a
                  className={undefined}
                  href="/course/3"
                  onClick={[Function]}
                >
                  <p
                    className="course-branding my-courses-item-brand"
                    data-is-beta={true}
                  >
                    OpenStax Tutor
                  </p>
                  <p
                    className="my-courses-item-term"
                  >
                    spring
                     
                    2017
                  </p>
                </a>
              </div>
            </div>
          </div>
        </div>
        <div
          className="col-md-3 col-sm-6 col-xs-12"
        >
          <div
            className="my-courses-item-wrapper"
          >
            <div
              className="my-courses-item"
              data-appearance="testing"
              data-book-title="Testing"
              data-course-course-type="tutor"
              data-course-id="2"
              data-is-preview={false}
              data-is-teacher={true}
              data-term="Spring 2017"
              data-title="Local Test Course Two"
            >
              <div
                className="my-courses-item-title"
              >
                <a
                  className={undefined}
                  href="/course/2"
                  onClick={[Function]}
                >
                  Local Test Course Two
                </a>
              </div>
              <div
                className="my-courses-item-details"
                data-has-controls={false}
              >
                <a
                  className={undefined}
                  href="/course/2"
                  onClick={[Function]}
                >
                  <p
                    className="course-branding my-courses-item-brand"
                    data-is-beta={true}
                  >
                    OpenStax Tutor
                  </p>
                  <p
                    className="my-courses-item-term"
                  >
                    spring
                     
                    2017
                  </p>
                </a>
              </div>
            </div>
          </div>
        </div>
      </div>
    </div>
  </div>
</div>
`;
