// Jest Snapshot v1, https://goo.gl/fbAQLP

exports[`Main navbar renders and matches snapshot 1`] = `
<nav
  className="navbar navbar-default navbar-fixed-top"
>
  <div
    className="container-fluid"
  >
    <div
      className="navbar-header"
    >
      <a
        className="navbar-brand navbar-brand"
        href="/"
        onClick={[Function]}
        style={Object {}}
      >
        <i
          className="ui-brand-logo"
        />
      </a>
      <button
        className="navbar-toggle collapsed"
        onClick={[Function]}
        type="button"
      >
        <span
          className="sr-only"
        >
          Toggle navigation
        </span>
        <span
          className="icon-bar"
        />
        <span
          className="icon-bar"
        />
        <span
          className="icon-bar"
        />
      </button>
    </div>
    <div
      aria-expanded={null}
      className="navbar-collapse collapse"
    >
      <ul
        className="nav navbar-nav"
        role={null}
      />
      <ul
        className="nav navbar-nav navbar-right"
        role={null}
      >
        <li
          className="tour-anchor tours-replay"
          data-tour-anchor-id="tours-navbar-icon"
          id="tours-navbar-icon"
          onClick={[Function]}
          role="button"
        >
          <svg
            height="24"
            version="1.1"
            viewBox="0 0 12 14"
            width="24"
            xmlns="http://www.w3.org/2000/svg"
          >
            <path
              d="M6.795,6.795l2.58,-1.17l-2.58,-1.17l-1.17,-2.58l-1.17,2.58l-2.58,1.17l2.58,1.17l1.17,2.58l1.17,-2.58Zm3.195,-6.795c0.34,0 0.635,0.12 0.885,0.36c0.25,0.24 0.375,0.53 0.375,0.87l0,8.76c0,0.34 -0.125,0.635 -0.375,0.885c-0.25,0.25 -0.545,0.375 -0.885,0.375l-2.49,0l-1.875,1.875l-1.875,-1.875l-2.49,0c-0.34,0 -0.635,-0.125 -0.885,-0.375c-0.25,-0.25 -0.375,-0.545 -0.375,-0.885l0,-8.76c0,-0.34 0.125,-0.63 0.375,-0.87c0.25,-0.24 0.545,-0.36 0.885,-0.36l8.73,0Z"
            />
          </svg>
        </li>
        <li
          className="user-actions-menu dropdown"
          style={undefined}
        >
          <a
            aria-expanded={false}
            aria-haspopup={true}
            className="dropdown-toggle"
            href="#"
            id="navbar-dropdown"
            onClick={[Function]}
            onKeyDown={[Function]}
            role="button"
          >
            <span />
             
            <span
              className="caret"
            />
          </a>
          <ul
            aria-labelledby="navbar-dropdown"
            className="dropdown-menu"
            role="menu"
          >
            <li />
            <li
              className="divider"
              onKeyDown={[Function]}
              role="separator"
              style={undefined}
            />
            <li
              className="-help-link"
              role="presentation"
              style={undefined}
            >
              <a
                href="http://openstax.force.com/support?l=en_US&c=Products%3ATutor"
                onClick={[Function]}
                onKeyDown={[Function]}
                role="menuitem"
                tabIndex="-1"
                target="_blank"
              >
                Get Help
              </a>
            </li>
            <li
              className="logout"
            >
              <a
                href="#"
                onClick={[Function]}
              >
                <form
                  acceptCharset="UTF-8"
                  action="/accounts/logout"
                  className="-logout-form"
                  method="post"
                >
                  <input
                    name="_method"
                    type="hidden"
                    value="delete"
                  />
                  <input
                    name="authenticity_token"
                    type="hidden"
                    value={undefined}
                  />
                  <input
                    aria-label="Log out"
                    type="submit"
                    value="Log out"
                  />
                </form>
              </a>
            </li>
          </ul>
        </li>
      </ul>
    </div>
  </div>
</nav>
`;
