// Jest Snapshot v1, https://goo.gl/fbAQLP

exports[`Preview Add Course Button renders and matches snapshot 1`] = `
<div
  className="tour-anchor"
  data-tour-anchor-id="preview-add-course-nav-button"
  id="preview-add-course-nav-button"
>
  <button
    className="btn btn-primary"
    disabled={false}
    onClick={[Function]}
    type="button"
  >
    Create a course
  </button>
</div>
`;
