// Jest Snapshot v1, https://goo.gl/fbAQLP

exports[`Support Menu renders and matches snapshot 1`] = `
<div
  className="support-menu dropdown btn-group"
>
  <a
    aria-expanded={false}
    aria-haspopup={true}
    className="dropdown-toggle"
    href="#"
    id="support-menu"
    onClick={[Function]}
    onKeyDown={[Function]}
    role="button"
  >
    <div
      className="tour-anchor"
      data-tour-anchor-id="support-menu-button"
      id="support-menu-button"
    >
      <i
        className="tutor-icon fa fa-question-circle"
        type="question-circle"
      />
      <span
        className="control-label"
      >
        Help
      </span>
    </div>
     
    <span
      className="caret"
    />
  </a>
  <ul
    aria-labelledby="support-menu"
    className="dropdown-menu dropdown-menu-right"
    role="menu"
  >
    <li
      className="page-tips"
      role="presentation"
      style={undefined}
    >
      <a
        href="#"
        onClick={[Function]}
        onKeyDown={[Function]}
        role="menuitem"
        tabIndex="-1"
      >
        <div
          className="tour-anchor"
          data-tour-anchor-id="menu-option-page-tips"
          id="menu-option-page-tips"
        >
          Page Tips
        </div>
      </a>
    </li>
    <li
      className="-help-link"
      role="presentation"
      style={undefined}
    >
      <a
        href="http://openstax.force.com/support?l=en_US&c=Products%3ATutor"
        onClick={[Function]}
        onKeyDown={[Function]}
        role="menuitem"
        tabIndex="-1"
        target="_blank"
      >
        <span>
          Get Help
        </span>
      </a>
    </li>
  </ul>
</div>
`;
