// Jest Snapshot v1, https://goo.gl/fbAQLP

exports[`Looking for Coach no migration matches snapshot for looking for coach without migration 1`] = `
<div
  className="value-prop cc-sunset"
>
  <h1
    className="heading"
  >
    Looking for your Concept Coach courses?
  </h1>
  <div
    className="column-content"
  >
    <div
      className="column thanks"
    >
      <p>
        Thanks for participating in the
        <br />
        Concept Coach pilot! Read our
        <br />
        <a
          href="https://openstax.org/blog/concept-coach-ending-greater-tools-are-coming"
          target="_blank"
        >
          blog post
        </a>
         to find out what we learned and how weâ€™re moving forward.
      </p>
    </div>
    <div
      className="column export-by"
    >
      <p>
        The last day to export your
        <br />
        Concept Coach scores reports is October 1.
      </p>
    </div>
    <div
      className="column not-launched-yet"
    >
      <p>
        We haven't launched
        <br />
        OpenStax Tutor in your subject yet. We'll let you know as soon as it's available.
      </p>
    </div>
  </div>
</div>
`;
